Vivado Simulator v2025.2
Copyright 1986-2022 Xilinx, Inc. All Rights Reserved.
Copyright 2022-2025 Advanced Micro Devices, Inc. All Rights Reserved.
Running: /home/boysanic/.vivado/2025.2/Vivado/bin/unwrapped/lnx64.o/xelab --incr --debug typical --relax --mt 8 -L xil_defaultlib -L uvm -L unisims_ver -L unimacro_ver -L secureip --snapshot test_xnextlong_behav xil_defaultlib.test_xnextlong xil_defaultlib.glbl -log elaborate.log 
Using 8 slave threads.
Starting static elaboration
Pass Through NonSizing Optimizer
Completed static elaboration
Starting simulation data flow analysis
WARNING: [XSIM 43-4099] "/home/boysanic/git/xoroshiro_lootseed/lootseed.srcs/sources_1/new/XNextLong.sv" Line 1. Module XNextLong doesn't have a timescale but at least one module in design has a timescale.
WARNING: [XSIM 43-4099] "/home/boysanic/git/xoroshiro_lootseed/lootseed.srcs/sources_1/new/XNextLong.sv" Line 1. Module XNextLong doesn't have a timescale but at least one module in design has a timescale.
Completed simulation data flow analysis
Time Resolution for simulation is 1ps
Compiling package xil_defaultlib.$unit_XNextLong_sv_1631802508
Compiling module xil_defaultlib.XNextLong
Compiling module xil_defaultlib.XNextLongJ
Compiling module xil_defaultlib.XSetSeed
Compiling module xil_defaultlib.test_xnextlong
Compiling module xil_defaultlib.glbl
Built simulation snapshot test_xnextlong_behav
